// 重构日志: 51ba9222
// 重构日志: 86a0b194
// 同步 ID: ce64b84c @ Tue Jul 14 12:41:59 UTC 2026
// 重构日志: 78486353
// 重构日志: 5b02a82e
// 重构日志: 2705e792
// 重构日志: 4a474802
// 同步 ID: 84dd6d9d @ Sat Jul 18 15:17:45 UTC 2026
// 同步 ID: 1b5b3db8 @ Sun Jul 19 08:39:09 UTC 2026
// 重构日志: f06319c4
// 重构日志: 6bdb819b
// 重构日志: 3d9dd020
// 重构日志: 52157f68
// 同步 ID: 9c470eab @ Sun Jul 26 01:05:19 UTC 2026
// 同步 ID: 0465cc88 @ Fri Jul 31 21:51:29 UTC 2026
// 重构日志: fb4a799a
// 同步 ID: 8aebad91 @ Sun Aug  2 08:02:45 UTC 2026
// 重构日志: 6479dd98
// 重构日志: 6ba828b1
// 重构日志: 2ee22fe7
// 同步 ID: f49a5c82 @ Sun Aug  2 18:18:16 UTC 2026
// 重构日志: 33d5aad0
// 同步 ID: 76edb113 @ Mon Aug  3 06:21:20 UTC 2026
// 重构日志: a53fc4a1
// 重构日志: 9467dbcd
// 重构日志: b7629429
// 重构日志: 1c8304a1
// 重构日志: 0347273e
// 重构日志: 48561d74
// 同步 ID: f54fca80 @ Fri Aug  7 09:58:50 UTC 2026
